// Jest Snapshot v1, https://goo.gl/fbAQLP

exports[`Table Component Should render Table component 1`] = `
<div>
  <div>
    <label
      class="search-label"
      for="search-bar-0"
    >
      <span
        class="sr-only"
      >
        Search this table
      </span>
      <input
        aria-label="enter text you want to search"
        class="form-control "
        id="search-bar-0"
        placeholder="Search"
        type="text"
        value=""
      />
    </label>
    <hr />
    <div
      class="react-bootstrap-table"
    >
      <table
        class="table table-striped table-bordered table-condensed"
      >
        <thead>
          <tr>
            <th
              tabindex="0"
            >
              Project List
            </th>
          </tr>
        </thead>
        <tbody>
          <tr
            style="cursor: default;"
          >
            <td>
              A
            </td>
          </tr>
          <tr
            style="cursor: default;"
          >
            <td>
              B
            </td>
          </tr>
        </tbody>
      </table>
    </div>
  </div>
</div>
`;

exports[`Table Component should click on row 1`] = `
<div>
  <div>
    <label
      class="search-label"
      for="search-bar-0"
    >
      <span
        class="sr-only"
      >
        Search this table
      </span>
      <input
        aria-label="enter text you want to search"
        class="form-control "
        id="search-bar-0"
        placeholder="Search"
        type="text"
        value=""
      />
    </label>
    <hr />
    <div
      class="react-bootstrap-table"
    >
      <table
        class="table table-striped table-bordered table-condensed"
      >
        <thead>
          <tr>
            <th
              tabindex="0"
            >
              Project List
            </th>
          </tr>
        </thead>
        <tbody>
          <tr
            style="cursor: default;"
          >
            <td>
              A
            </td>
          </tr>
          <tr
            style="cursor: default;"
          >
            <td>
              B
            </td>
          </tr>
        </tbody>
      </table>
    </div>
  </div>
</div>
`;
