// Jest Snapshot v1, https://goo.gl/fbAQLP

exports[`Dashboard Component Should render Home component 1`] = `
<div>
  <div
    class="container-fluid"
  >
    <div
      class="wrapper"
    >
      <div
        class="row"
      >
        <div
          class="col"
        >
          <div
            class="jumbotron"
          >
            <h1>
              Welcome to Project Manager App
            </h1>
          </div>
        </div>
      </div>
    </div>
  </div>
</div>
`;
