// Jest Snapshot v1, https://goo.gl/fbAQLP

exports[`Add User Component Should render Add User component 1`] = `
<div>
  <div
    class="container"
  >
    <div
      class="row"
    >
      <div
        class="col"
      >
        <h3
          class="mt-3"
        >
          User Management
        </h3>
      </div>
    </div>
    <div
      class="row"
    >
      <div
        class="mt-2 col"
      >
        <form>
          <input
            class="mb-2 mt-2 form-control"
            name="firstName"
            placeholder="First Name"
            required=""
            value=""
          />
          <div
            class="invalid-feedback"
          />
          <input
            class="mb-2 mt-2 form-control"
            name="lastName"
            placeholder="Last Name"
            required=""
            value=""
          />
          <div
            class="invalid-feedback"
          />
          <input
            class="mb-2 mt-2 form-control"
            name="empId"
            placeholder="Employee ID"
            required=""
            value=""
          />
          <div
            class="invalid-feedback"
          />
          <div
            class="text-center mt-4 mb-2"
          >
            <button
              class="ml-2 mr-2 btn btn-primary"
              disabled=""
              type="submit"
            >
              Add
            </button>
            <button
              class="btn btn-outline-secondary"
              type="button"
            >
              Reset
            </button>
          </div>
        </form>
      </div>
    </div>
    <hr />
    <div
      class="row"
    >
      <div
        class="col-sm-6 col-12"
      >
        <input
          class="mb-4 form-control"
          placeholder="Search"
        />
      </div>
      <div
        class="col-sm-6 col-12"
      >
        Sort By:
        <button
          class="ml-2 btn btn-outline-primary"
          data-testid="sortFirstName"
          type="button"
        >
          First Name
        </button>
        <button
          class="ml-2 btn btn-outline-primary"
          data-testid="sortLastName"
          type="button"
        >
          Last Name
        </button>
        <button
          class="ml-2 btn btn-outline-primary"
          data-testid="sortId"
          type="button"
        >
          ID
        </button>
      </div>
    </div>
    <div
      class="mt-4 row"
    >
      <div
        class="col"
      >
        <div
          class="list-group"
        >
          <div
            class="user-list list-group-item"
          >
            <div>
              <p>
                FirstName : 
                User01
              </p>
              <p>
                LastName : 
                01Last
              </p>
              <p>
                Employee ID : 
                1
              </p>
            </div>
            <div>
              <button
                class="btn btn-outline-primary"
                type="button"
              >
                Edit
              </button>
              <br />
              <button
                class="mt-2 btn btn-outline-secondary"
                type="button"
              >
                Delete
              </button>
            </div>
          </div>
        </div>
      </div>
    </div>
  </div>
</div>
`;
